gcc -g p2final.c
îº§ gdb a.out
GNU gdb (Ubuntu 8.1.1-0ubuntu1) 8.1.1
Copyright (C) 2018 Free Software Foundation, Inc.
License GPLv3+: GNU GPL version 3 or later <http://gnu.org/licenses/gpl.html>
This is free software: you are free to change and redistribute it.
There is NO WARRANTY, to the extent permitted by law.  Type "show copying"
and "show warranty" for details.
This GDB was configured as "x86_64-linux-gnu".
Type "show configuration" for configuration details.
For bug reporting instructions, please see:
<http://www.gnu.org/software/gdb/bugs/>.
Find the GDB manual and other documentation resources online at:
<http://www.gnu.org/software/gdb/documentation/>.
For help, type "help".
Type "apropos word" to search for commands related to "word"...
Reading symbols from a.out...done.
(gdb) b main
Breakpoint 1 at 0x8a7: file p2final.c, line 35.
(gdb) r
Starting program: /home/runner/Test3Session2/a.out 
warning: Error disabling address space randomization: Operation not permitted

Breakpoint 1, main () at p2final.c:35
35    f1=input_fraction();
(gdb) n
enter the fraction
2
3
36    f2=input_fraction();
(gdb) n
enter the fraction
6
n
37    f3=input_fraction();
(gdb) n
enter the fraction
38    smallest=find_smallest(f1,f2,f3,f4);
(gdb) n
39    output(f1,f2,f3,smallest);
(gdb) n
the smallest of 2/3, 6/3, 6/3 is 2/3
40    return 0;
(gdb) n
41    }(gdb) n
__libc_start_main (main=0x55b09880089f <main>, argc=1, 
    argv=0x7ffd422e5988, init=<optimized out>, fini=<optimized out>, 
    rtld_fini=<optimized out>, stack_end=0x7ffd422e5978)
    at ../csu/libc-start.c:344
344 ../csu/libc-start.c: No such file or directory.
(gdb) 